{
  "Fields": [
    {
      "Type": "text_v2",
      "FallbackText": "Solana",
      "Label": "Network",
      "TextV2": {
        "Text": "Solana"
      }
    },
    {
      "Type": "text_v2",
      "FallbackText": "B46xaUeRM112q7EVbsBJPfWMLs2X64vtZpJVE1ofKZMY, 7aHWbSHLuxkq9iN62P6zxU5VQWSH87x2hmhqQKm2Qara, 79gRaJsiJrinQkTdKG3LooENqdg6JjUNdi3sqBe9fmAK, ADaUMid9yfUytqMBgopwjb2DTLSokTSzL1zt6iGPaS49, BgKUXdS29YcHCFrPm5M8oLHiTzZaMDjsebggjoaQ6KFL, feeeFLLsam6xZJFc6UQFrHqkvVt4jfmVvi2BRLkUZ4i, J1toso1uCk3RLmjorhTtrVwY9HJ7X8V9yYac6Y7kGCPn, Jito4APyf642JPZPx3hGc6WWJ8zPKtRbRs4P815Awbb, 11111111111111111111111111111111, 6iQKfEyhr3bZMotVkW6beNZz5CPAkiwvgV2CTje9pVSS, ATokenGPvbdGVxr1b2hvZbsiqW5xWH25efTNsLJA8knL, ComputeBudget111111111111111111111111111111, SPoo1Ku8WFXoNDMHPsrGSTSG1Y47rzgn41SLUNakuHy, TokenkegQfeZyiNwAJbNbGKPFXCWuBvf9Ss623VQ5DA",
      "Label": "Account Keys",
      "TextV2": {
        "Text": "B46xaUeRM112q7EVbsBJPfWMLs2X64vtZpJVE1ofKZMY, 7aHWbSHLuxkq9iN62P6zxU5VQWSH87x2hmhqQKm2Qara, 79gRaJsiJrinQkTdKG3LooENqdg6JjUNdi3sqBe9fmAK, ADaUMid9yfUytqMBgopwjb2DTLSokTSzL1zt6iGPaS49, BgKUXdS29YcHCFrPm5M8oLHiTzZaMDjsebggjoaQ6KFL, feeeFLLsam6xZJFc6UQFrHqkvVt4jfmVvi2BRLkUZ4i, J1toso1uCk3RLmjorhTtrVwY9HJ7X8V9yYac6Y7kGCPn, Jito4APyf642JPZPx3hGc6WWJ8zPKtRbRs4P815Awbb, 11111111111111111111111111111111, 6iQKfEyhr3bZMotVkW6beNZz5CPAkiwvgV2CTje9pVSS, ATokenGPvbdGVxr1b2hvZbsiqW5xWH25efTNsLJA8knL, ComputeBudget111111111111111111111111111111, SPoo1Ku8WFXoNDMHPsrGSTSG1Y47rzgn41SLUNakuHy, TokenkegQfeZyiNwAJbNbGKPFXCWuBvf9Ss623VQ5DA"
      }
    },
    {
      "Type": "text_v2",
      "FallbackText": "Transfer 1: B46xaUeRM112q7EVbsBJPfWMLs2X64vtZpJVE1ofKZMY -> 7aHWbSHLuxkq9iN62P6zxU5VQWSH87x2hmhqQKm2Qara: 10000000000",
      "Label": "Transfer 1",
      "TextV2": {
        "Text": "From: B46xaUeRM112q7EVbsBJPfWMLs2X64vtZpJVE1ofKZMY\nTo: 7aHWbSHLuxkq9iN62P6zxU5VQWSH87x2hmhqQKm2Qara\nAmount: 10000000000"
      }
    },
    {
      "Type": "text_v2",
      "FallbackText": "Transfer 2: B46xaUeRM112q7EVbsBJPfWMLs2X64vtZpJVE1ofKZMY -> ADaUMid9yfUytqMBgopwjb2DTLSokTSzL1zt6iGPaS49: 10000",
      "Label": "Transfer 2",
      "TextV2": {
        "Text": "From: B46xaUeRM112q7EVbsBJPfWMLs2X64vtZpJVE1ofKZMY\nTo: ADaUMid9yfUytqMBgopwjb2DTLSokTSzL1zt6iGPaS49\nAmount: 10000"
      }
    },
    {
      "Type": "preview_layout",
      "FallbackText": "Program ID: 11111111111111111111111111111111\nData: 0200000000e40b5402000000",
      "Label": "Instruction 1",
      "PreviewLayout": {
        "Title": {
          "Text": "Transfer: 10000000000 lamports"
        },
        "Subtitle": {
          "Text": ""
        },
        "Condensed": {
          "Fields": [
            {
              "Type": "text_v2",
              "FallbackText": "Transfer: 10000000000 lamports",
              "Label": "Instruction",
              "TextV2": {
                "Text": "Transfer: 10000000000 lamports"
              }
            }
          ]
        },
        "Expanded": {
          "Fields": [
            {
              "Type": "text_v2",
              "FallbackText": "11111111111111111111111111111111",
              "Label": "Program ID",
              "TextV2": {
                "Text": "11111111111111111111111111111111"
              }
            },
            {
              "Type": "amount_v2",
              "FallbackText": "10 SOL",
              "Label": "Transfer Amount",
              "AmountV2": {
                "Amount": "10000000000",
                "Abbreviation": "lamports"
              }
            },
            {
              "Type": "text_v2",
              "FallbackText": "0200000000e40b5402000000",
              "Label": "Raw Data",
              "TextV2": {
                "Text": "0200000000e40b5402000000"
              }
            }
          ]
        }
      }
    },
    {
      "Type": "preview_layout",
      "FallbackText": "Program ID: ATokenGPvbdGVxr1b2hvZbsiqW5xWH25efTNsLJA8knL\nData: 01",
      "Label": "Instruction 2",
      "PreviewLayout": {
        "Title": {
          "Text": "Create Associated Token Account (Idempotent)"
        },
        "Subtitle": {
          "Text": ""
        },
        "Condensed": {
          "Fields": [
            {
              "Type": "text_v2",
              "FallbackText": "Create Associated Token Account (Idempotent)",
              "Label": "Instruction",
              "TextV2": {
                "Text": "Create Associated Token Account (Idempotent)"
              }
            }
          ]
        },
        "Expanded": {
          "Fields": [
            {
              "Type": "text_v2",
              "FallbackText": "ATokenGPvbdGVxr1b2hvZbsiqW5xWH25efTNsLJA8knL",
              "Label": "Program ID",
              "TextV2": {
                "Text": "ATokenGPvbdGVxr1b2hvZbsiqW5xWH25efTNsLJA8knL"
              }
            },
            {
              "Type": "text_v2",
              "FallbackText": "Create Associated Token Account (Idempotent)",
              "Label": "Instruction",
              "TextV2": {
                "Text": "Create Associated Token Account (Idempotent)"
              }
            }
          ]
        }
      }
    },
    {
      "Type": "preview_layout",
      "FallbackText": "Program ID: SPoo1Ku8WFXoNDMHPsrGSTSG1Y47rzgn41SLUNakuHy\nData: 0e00e40b5402000000",
      "Label": "Instruction 3",
      "PreviewLayout": {
        "Title": {
          "Text": "Stake Pool Instruction: Deposit SOL"
        },
        "Subtitle": {
          "Text": ""
        },
        "Condensed": {
          "Fields": [
            {
              "Type": "text_v2",
              "FallbackText": "Stake Pool Instruction: Deposit SOL",
              "Label": "Instruction",
              "TextV2": {
                "Text": "Stake Pool Instruction: Deposit SOL"
              }
            }
          ]
        },
        "Expanded": {
          "Fields": [
            {
              "Type": "text_v2",
              "FallbackText": "Stake Pool Instruction: Deposit SOL",
              "Label": "Stake Pool Instruction",
              "TextV2": {
                "Text": "Stake Pool Instruction: Deposit SOL"
              }
            }
          ]
        }
      }
    },
    {
      "Type": "preview_layout",
      "FallbackText": "Program ID: ComputeBudget111111111111111111111111111111\nData: 02801a0600",
      "Label": "Instruction 4",
      "PreviewLayout": {
        "Title": {
          "Text": "Set Compute Unit Limit: 400000 units"
        },
        "Subtitle": {
          "Text": ""
        },
        "Condensed": {
          "Fields": [
            {
              "Type": "text_v2",
              "FallbackText": "Set Compute Unit Limit: 400000 units",
              "Label": "Instruction",
              "TextV2": {
                "Text": "Set Compute Unit Limit: 400000 units"
              }
            }
          ]
        },
        "Expanded": {
          "Fields": [
            {
              "Type": "text_v2",
              "FallbackText": "ComputeBudget111111111111111111111111111111",
              "Label": "Program ID",
              "TextV2": {
                "Text": "ComputeBudget111111111111111111111111111111"
              }
            },
            {
              "Type": "number",
              "FallbackText": "400000 units",
              "Label": "Compute Unit Limit",
              "Number": {
                "Number": "400000"
              }
            },
            {
              "Type": "text_v2",
              "FallbackText": "02801a0600",
              "Label": "Raw Data",
              "TextV2": {
                "Text": "02801a0600"
              }
            }
          ]
        }
      }
    },
    {
      "Type": "preview_layout",
      "FallbackText": "Program ID: ComputeBudget111111111111111111111111111111\nData: 0350c3000000000000",
      "Label": "Instruction 5",
      "PreviewLayout": {
        "Title": {
          "Text": "Set Compute Unit Price: 50000 micro-lamports per compute unit"
        },
        "Subtitle": {
          "Text": ""
        },
        "Condensed": {
          "Fields": [
            {
              "Type": "text_v2",
              "FallbackText": "Set Compute Unit Price: 50000 micro-lamports per compute unit",
              "Label": "Instruction",
              "TextV2": {
                "Text": "Set Compute Unit Price: 50000 micro-lamports per compute unit"
              }
            }
          ]
        },
        "Expanded": {
          "Fields": [
            {
              "Type": "text_v2",
              "FallbackText": "ComputeBudget111111111111111111111111111111",
              "Label": "Program ID",
              "TextV2": {
                "Text": "ComputeBudget111111111111111111111111111111"
              }
            },
            {
              "Type": "number",
              "FallbackText": "50000 micro-lamports",
              "Label": "Price per Compute Unit",
              "Number": {
                "Number": "50000"
              }
            },
            {
              "Type": "text_v2",
              "FallbackText": "0350c3000000000000",
              "Label": "Raw Data",
              "TextV2": {
                "Text": "0350c3000000000000"
              }
            }
          ]
        }
      }
    },
    {
      "Type": "preview_layout",
      "FallbackText": "Program ID: 11111111111111111111111111111111\nData: 020000001027000000000000",
      "Label": "Instruction 6",
      "PreviewLayout": {
        "Title": {
          "Text": "Transfer: 10000 lamports"
        },
        "Subtitle": {
          "Text": ""
        },
        "Condensed": {
          "Fields": [
            {
              "Type": "text_v2",
              "FallbackText": "Transfer: 10000 lamports",
              "Label": "Instruction",
              "TextV2": {
                "Text": "Transfer: 10000 lamports"
              }
            }
          ]
        },
        "Expanded": {
          "Fields": [
            {
              "Type": "text_v2",
              "FallbackText": "11111111111111111111111111111111",
              "Label": "Program ID",
              "TextV2": {
                "Text": "11111111111111111111111111111111"
              }
            },
            {
              "Type": "amount_v2",
              "FallbackText": "0.00001 SOL",
              "Label": "Transfer Amount",
              "AmountV2": {
                "Amount": "10000",
                "Abbreviation": "lamports"
              }
            },
            {
              "Type": "text_v2",
              "FallbackText": "020000001027000000000000",
              "Label": "Raw Data",
              "TextV2": {
                "Text": "020000001027000000000000"
              }
            }
          ]
        }
      }
    }
  ],
  "PayloadType": "SolanaTx",
  "Title": "Solana Transaction",
  "Version": "0"
}

