{
  "Fields": [
    {
      "FallbackText": "Solana",
      "Label": "Network",
      "TextV2": {
        "Text": "Solana"
      },
      "Type": "text_v2"
    },
    {
      "FallbackText": "Transfer 1: From B46xaUeRM112q7EVbsBJPfWMLs2X64vtZpJVE1ofKZMY To 7aHWbSHLuxkq9iN62P6zxU5VQWSH87x2hmhqQKm2Qara For 10000000000",
      "Label": "Transfer 1",
      "TextV2": {
        "Text": "From: B46xaUeRM112q7EVbsBJPfWMLs2X64vtZpJVE1ofKZMY\nTo: 7aHWbSHLuxkq9iN62P6zxU5VQWSH87x2hmhqQKm2Qara\nAmount: 10000000000"
      },
      "Type": "text_v2"
    },
    {
      "FallbackText": "Transfer 2: From B46xaUeRM112q7EVbsBJPfWMLs2X64vtZpJVE1ofKZMY To ADaUMid9yfUytqMBgopwjb2DTLSokTSzL1zt6iGPaS49 For 10000",
      "Label": "Transfer 2",
      "TextV2": {
        "Text": "From: B46xaUeRM112q7EVbsBJPfWMLs2X64vtZpJVE1ofKZMY\nTo: ADaUMid9yfUytqMBgopwjb2DTLSokTSzL1zt6iGPaS49\nAmount: 10000"
      },
      "Type": "text_v2"
    },
    {
      "FallbackText": "Program ID: 11111111111111111111111111111111\nData: 0200000000e40b5402000000",
      "Label": "Instruction 1",
      "PreviewLayout": {
        "Condensed": {
          "Fields": [
            {
              "FallbackText": "Transfer: 10000000000 lamports",
              "Label": "Instruction",
              "TextV2": {
                "Text": "Transfer: 10000000000 lamports"
              },
              "Type": "text_v2"
            }
          ]
        },
        "Expanded": {
          "Fields": [
            {
              "FallbackText": "11111111111111111111111111111111",
              "Label": "Program ID",
              "TextV2": {
                "Text": "11111111111111111111111111111111"
              },
              "Type": "text_v2"
            },
            {
              "AmountV2": {
                "Abbreviation": "lamports",
                "Amount": "10000000000"
              },
              "FallbackText": "10 SOL",
              "Label": "Transfer Amount",
              "Type": "amount_v2"
            },
            {
              "FallbackText": "0200000000e40b5402000000",
              "Label": "Raw Data",
              "TextV2": {
                "Text": "0200000000e40b5402000000"
              },
              "Type": "text_v2"
            }
          ]
        },
        "Subtitle": {
          "Text": ""
        },
        "Title": {
          "Text": "Transfer: 10000000000 lamports"
        }
      },
      "Type": "preview_layout"
    },
    {
      "FallbackText": "Program ID: ATokenGPvbdGVxr1b2hvZbsiqW5xWH25efTNsLJA8knL\nData: 01",
      "Label": "Instruction 2",
      "PreviewLayout": {
        "Condensed": {
          "Fields": [
            {
              "FallbackText": "Create Associated Token Account (Idempotent)",
              "Label": "Instruction",
              "TextV2": {
                "Text": "Create Associated Token Account (Idempotent)"
              },
              "Type": "text_v2"
            }
          ]
        },
        "Expanded": {
          "Fields": [
            {
              "FallbackText": "ATokenGPvbdGVxr1b2hvZbsiqW5xWH25efTNsLJA8knL",
              "Label": "Program ID",
              "TextV2": {
                "Text": "ATokenGPvbdGVxr1b2hvZbsiqW5xWH25efTNsLJA8knL"
              },
              "Type": "text_v2"
            },
            {
              "FallbackText": "Create Associated Token Account (Idempotent)",
              "Label": "Instruction",
              "TextV2": {
                "Text": "Create Associated Token Account (Idempotent)"
              },
              "Type": "text_v2"
            }
          ]
        },
        "Subtitle": {
          "Text": ""
        },
        "Title": {
          "Text": "Create Associated Token Account (Idempotent)"
        }
      },
      "Type": "preview_layout"
    },
    {
      "FallbackText": "Program ID: SPoo1Ku8WFXoNDMHPsrGSTSG1Y47rzgn41SLUNakuHy\nData: 0e00e40b5402000000",
      "Label": "Instruction 3",
      "PreviewLayout": {
        "Condensed": {
          "Fields": [
            {
              "FallbackText": "Stake Pool Instruction: Deposit SOL",
              "Label": "Instruction",
              "TextV2": {
                "Text": "Stake Pool Instruction: Deposit SOL"
              },
              "Type": "text_v2"
            }
          ]
        },
        "Expanded": {
          "Fields": [
            {
              "FallbackText": "Stake Pool Instruction: Deposit SOL",
              "Label": "Stake Pool Instruction",
              "TextV2": {
                "Text": "Stake Pool Instruction: Deposit SOL"
              },
              "Type": "text_v2"
            }
          ]
        },
        "Subtitle": {
          "Text": ""
        },
        "Title": {
          "Text": "Stake Pool Instruction: Deposit SOL"
        }
      },
      "Type": "preview_layout"
    },
    {
      "FallbackText": "Program ID: ComputeBudget111111111111111111111111111111\nData: 02801a0600",
      "Label": "Instruction 4",
      "PreviewLayout": {
        "Condensed": {
          "Fields": [
            {
              "FallbackText": "Set Compute Unit Limit: 400000 units",
              "Label": "Instruction",
              "TextV2": {
                "Text": "Set Compute Unit Limit: 400000 units"
              },
              "Type": "text_v2"
            }
          ]
        },
        "Expanded": {
          "Fields": [
            {
              "FallbackText": "ComputeBudget111111111111111111111111111111",
              "Label": "Program ID",
              "TextV2": {
                "Text": "ComputeBudget111111111111111111111111111111"
              },
              "Type": "text_v2"
            },
            {
              "FallbackText": "400000 units",
              "Label": "Compute Unit Limit",
              "Number": {
                "Number": "400000"
              },
              "Type": "number"
            },
            {
              "FallbackText": "02801a0600",
              "Label": "Raw Data",
              "TextV2": {
                "Text": "02801a0600"
              },
              "Type": "text_v2"
            }
          ]
        },
        "Subtitle": {
          "Text": ""
        },
        "Title": {
          "Text": "Set Compute Unit Limit: 400000 units"
        }
      },
      "Type": "preview_layout"
    },
    {
      "FallbackText": "Program ID: ComputeBudget111111111111111111111111111111\nData: 0350c3000000000000",
      "Label": "Instruction 5",
      "PreviewLayout": {
        "Condensed": {
          "Fields": [
            {
              "FallbackText": "Set Compute Unit Price: 50000 micro-lamports per compute unit",
              "Label": "Instruction",
              "TextV2": {
                "Text": "Set Compute Unit Price: 50000 micro-lamports per compute unit"
              },
              "Type": "text_v2"
            }
          ]
        },
        "Expanded": {
          "Fields": [
            {
              "FallbackText": "ComputeBudget111111111111111111111111111111",
              "Label": "Program ID",
              "TextV2": {
                "Text": "ComputeBudget111111111111111111111111111111"
              },
              "Type": "text_v2"
            },
            {
              "FallbackText": "50000 micro-lamports",
              "Label": "Price per Compute Unit",
              "Number": {
                "Number": "50000"
              },
              "Type": "number"
            },
            {
              "FallbackText": "0350c3000000000000",
              "Label": "Raw Data",
              "TextV2": {
                "Text": "0350c3000000000000"
              },
              "Type": "text_v2"
            }
          ]
        },
        "Subtitle": {
          "Text": ""
        },
        "Title": {
          "Text": "Set Compute Unit Price: 50000 micro-lamports per compute unit"
        }
      },
      "Type": "preview_layout"
    },
    {
      "FallbackText": "Program ID: 11111111111111111111111111111111\nData: 020000001027000000000000",
      "Label": "Instruction 6",
      "PreviewLayout": {
        "Condensed": {
          "Fields": [
            {
              "FallbackText": "Transfer: 10000 lamports",
              "Label": "Instruction",
              "TextV2": {
                "Text": "Transfer: 10000 lamports"
              },
              "Type": "text_v2"
            }
          ]
        },
        "Expanded": {
          "Fields": [
            {
              "FallbackText": "11111111111111111111111111111111",
              "Label": "Program ID",
              "TextV2": {
                "Text": "11111111111111111111111111111111"
              },
              "Type": "text_v2"
            },
            {
              "AmountV2": {
                "Abbreviation": "lamports",
                "Amount": "10000"
              },
              "FallbackText": "0.00001 SOL",
              "Label": "Transfer Amount",
              "Type": "amount_v2"
            },
            {
              "FallbackText": "020000001027000000000000",
              "Label": "Raw Data",
              "TextV2": {
                "Text": "020000001027000000000000"
              },
              "Type": "text_v2"
            }
          ]
        },
        "Subtitle": {
          "Text": ""
        },
        "Title": {
          "Text": "Transfer: 10000 lamports"
        }
      },
      "Type": "preview_layout"
    },
    {
      "FallbackText": "B46xaUeRM112q7EVbsBJPfWMLs2X64vtZpJVE1ofKZMY[SW], 7aHWbSHLuxkq9iN62P6zxU5VQWSH87x2hmhqQKm2Qara[SW], 79gRaJsiJrinQkTdKG3LooENqdg6JjUNdi3sqBe9fmAK[W], ADaUMid9yfUytqMBgopwjb2DTLSokTSzL1zt6iGPaS49[W], BgKUXdS29YcHCFrPm5M8oLHiTzZaMDjsebggjoaQ6KFL[W], feeeFLLsam6xZJFc6UQFrHqkvVt4jfmVvi2BRLkUZ4i[W], J1toso1uCk3RLmjorhTtrVwY9HJ7X8V9yYac6Y7kGCPn[W], Jito4APyf642JPZPx3hGc6WWJ8zPKtRbRs4P815Awbb[W], 11111111111111111111111111111111[R], 6iQKfEyhr3bZMotVkW6beNZz5CPAkiwvgV2CTje9pVSS[R], ATokenGPvbdGVxr1b2hvZbsiqW5xWH25efTNsLJA8knL[R], ComputeBudget111111111111111111111111111111[R], SPoo1Ku8WFXoNDMHPsrGSTSG1Y47rzgn41SLUNakuHy[R], TokenkegQfeZyiNwAJbNbGKPFXCWuBvf9Ss623VQ5DA[R]",
      "Label": "Accounts",
      "PreviewLayout": {
        "Condensed": {
          "Fields": [
            {
              "FallbackText": "2 Signers",
              "Label": "Signers",
              "TextV2": {
                "Text": "2 Signers"
              },
              "Type": "text_v2"
            },
            {
              "FallbackText": "6 Writable",
              "Label": "Writable",
              "TextV2": {
                "Text": "6 Writable"
              },
              "Type": "text_v2"
            },
            {
              "FallbackText": "6 Read Only",
              "Label": "Read Only",
              "TextV2": {
                "Text": "6 Read Only"
              },
              "Type": "text_v2"
            }
          ]
        },
        "Expanded": {
          "Fields": [
            {
              "FallbackText": "B46xaUeRM112q7EVbsBJPfWMLs2X64vtZpJVE1ofKZMY, Signer, Writable",
              "Label": "Account",
              "TextV2": {
                "Text": "B46xaUeRM112q7EVbsBJPfWMLs2X64vtZpJVE1ofKZMY, Signer, Writable"
              },
              "Type": "text_v2"
            },
            {
              "FallbackText": "7aHWbSHLuxkq9iN62P6zxU5VQWSH87x2hmhqQKm2Qara, Signer, Writable",
              "Label": "Account",
              "TextV2": {
                "Text": "7aHWbSHLuxkq9iN62P6zxU5VQWSH87x2hmhqQKm2Qara, Signer, Writable"
              },
              "Type": "text_v2"
            },
            {
              "FallbackText": "79gRaJsiJrinQkTdKG3LooENqdg6JjUNdi3sqBe9fmAK, Writable",
              "Label": "Account",
              "TextV2": {
                "Text": "79gRaJsiJrinQkTdKG3LooENqdg6JjUNdi3sqBe9fmAK, Writable"
              },
              "Type": "text_v2"
            },
            {
              "FallbackText": "ADaUMid9yfUytqMBgopwjb2DTLSokTSzL1zt6iGPaS49, Writable",
              "Label": "Account",
              "TextV2": {
                "Text": "ADaUMid9yfUytqMBgopwjb2DTLSokTSzL1zt6iGPaS49, Writable"
              },
              "Type": "text_v2"
            },
            {
              "FallbackText": "BgKUXdS29YcHCFrPm5M8oLHiTzZaMDjsebggjoaQ6KFL, Writable",
              "Label": "Account",
              "TextV2": {
                "Text": "BgKUXdS29YcHCFrPm5M8oLHiTzZaMDjsebggjoaQ6KFL, Writable"
              },
              "Type": "text_v2"
            },
            {
              "FallbackText": "feeeFLLsam6xZJFc6UQFrHqkvVt4jfmVvi2BRLkUZ4i, Writable",
              "Label": "Account",
              "TextV2": {
                "Text": "feeeFLLsam6xZJFc6UQFrHqkvVt4jfmVvi2BRLkUZ4i, Writable"
              },
              "Type": "text_v2"
            },
            {
              "FallbackText": "J1toso1uCk3RLmjorhTtrVwY9HJ7X8V9yYac6Y7kGCPn, Writable",
              "Label": "Account",
              "TextV2": {
                "Text": "J1toso1uCk3RLmjorhTtrVwY9HJ7X8V9yYac6Y7kGCPn, Writable"
              },
              "Type": "text_v2"
            },
            {
              "FallbackText": "Jito4APyf642JPZPx3hGc6WWJ8zPKtRbRs4P815Awbb, Writable",
              "Label": "Account",
              "TextV2": {
                "Text": "Jito4APyf642JPZPx3hGc6WWJ8zPKtRbRs4P815Awbb, Writable"
              },
              "Type": "text_v2"
            },
            {
              "FallbackText": "11111111111111111111111111111111",
              "Label": "Account",
              "TextV2": {
                "Text": "11111111111111111111111111111111"
              },
              "Type": "text_v2"
            },
            {
              "FallbackText": "6iQKfEyhr3bZMotVkW6beNZz5CPAkiwvgV2CTje9pVSS",
              "Label": "Account",
              "TextV2": {
                "Text": "6iQKfEyhr3bZMotVkW6beNZz5CPAkiwvgV2CTje9pVSS"
              },
              "Type": "text_v2"
            },
            {
              "FallbackText": "ATokenGPvbdGVxr1b2hvZbsiqW5xWH25efTNsLJA8knL",
              "Label": "Account",
              "TextV2": {
                "Text": "ATokenGPvbdGVxr1b2hvZbsiqW5xWH25efTNsLJA8knL"
              },
              "Type": "text_v2"
            },
            {
              "FallbackText": "ComputeBudget111111111111111111111111111111",
              "Label": "Account",
              "TextV2": {
                "Text": "ComputeBudget111111111111111111111111111111"
              },
              "Type": "text_v2"
            },
            {
              "FallbackText": "SPoo1Ku8WFXoNDMHPsrGSTSG1Y47rzgn41SLUNakuHy",
              "Label": "Account",
              "TextV2": {
                "Text": "SPoo1Ku8WFXoNDMHPsrGSTSG1Y47rzgn41SLUNakuHy"
              },
              "Type": "text_v2"
            },
            {
              "FallbackText": "TokenkegQfeZyiNwAJbNbGKPFXCWuBvf9Ss623VQ5DA",
              "Label": "Account",
              "TextV2": {
                "Text": "TokenkegQfeZyiNwAJbNbGKPFXCWuBvf9Ss623VQ5DA"
              },
              "Type": "text_v2"
            }
          ]
        },
        "Subtitle": {
          "Text": "14 accounts"
        },
        "Title": {
          "Text": "Accounts"
        }
      },
      "Type": "preview_layout"
    }
  ],
  "PayloadType": "SolanaTx",
  "Title": "Solana Transaction",
  "Version": "0"
}
