SignablePayload {
    fields: [
        TextV2 {
            common: SignablePayloadFieldCommon {
                fallback_text: "Solana",
                label: "Network",
            },
            text_v2: SignablePayloadFieldTextV2 {
                text: "Solana",
            },
        },
        TextV2 {
            common: SignablePayloadFieldCommon {
                fallback_text: "Transfer 1: From B46xaUeRM112q7EVbsBJPfWMLs2X64vtZpJVE1ofKZMY To 7aHWbSHLuxkq9iN62P6zxU5VQWSH87x2hmhqQKm2Qara For 10000000000",
                label: "Transfer 1",
            },
            text_v2: SignablePayloadFieldTextV2 {
                text: "From: B46xaUeRM112q7EVbsBJPfWMLs2X64vtZpJVE1ofKZMY\nTo: 7aHWbSHLuxkq9iN62P6zxU5VQWSH87x2hmhqQKm2Qara\nAmount: 10000000000",
            },
        },
        TextV2 {
            common: SignablePayloadFieldCommon {
                fallback_text: "Transfer 2: From B46xaUeRM112q7EVbsBJPfWMLs2X64vtZpJVE1ofKZMY To ADaUMid9yfUytqMBgopwjb2DTLSokTSzL1zt6iGPaS49 For 10000",
                label: "Transfer 2",
            },
            text_v2: SignablePayloadFieldTextV2 {
                text: "From: B46xaUeRM112q7EVbsBJPfWMLs2X64vtZpJVE1ofKZMY\nTo: ADaUMid9yfUytqMBgopwjb2DTLSokTSzL1zt6iGPaS49\nAmount: 10000",
            },
        },
        PreviewLayout {
            common: SignablePayloadFieldCommon {
                fallback_text: "Program ID: 11111111111111111111111111111111\nData: 0200000000e40b5402000000",
                label: "Instruction 1",
            },
            preview_layout: SignablePayloadFieldPreviewLayout {
                title: Some(
                    SignablePayloadFieldTextV2 {
                        text: "Transfer: 10000000000 lamports",
                    },
                ),
                subtitle: Some(
                    SignablePayloadFieldTextV2 {
                        text: "",
                    },
                ),
                condensed: Some(
                    SignablePayloadFieldListLayout {
                        fields: [
                            AnnotatedPayloadField {
                                signable_payload_field: TextV2 {
                                    common: SignablePayloadFieldCommon {
                                        fallback_text: "Transfer: 10000000000 lamports",
                                        label: "Instruction",
                                    },
                                    text_v2: SignablePayloadFieldTextV2 {
                                        text: "Transfer: 10000000000 lamports",
                                    },
                                },
                                static_annotation: None,
                                dynamic_annotation: None,
                            },
                        ],
                    },
                ),
                expanded: Some(
                    SignablePayloadFieldListLayout {
                        fields: [
                            AnnotatedPayloadField {
                                signable_payload_field: TextV2 {
                                    common: SignablePayloadFieldCommon {
                                        fallback_text: "11111111111111111111111111111111",
                                        label: "Program ID",
                                    },
                                    text_v2: SignablePayloadFieldTextV2 {
                                        text: "11111111111111111111111111111111",
                                    },
                                },
                                static_annotation: None,
                                dynamic_annotation: None,
                            },
                            AnnotatedPayloadField {
                                signable_payload_field: AmountV2 {
                                    common: SignablePayloadFieldCommon {
                                        fallback_text: "10 SOL",
                                        label: "Transfer Amount",
                                    },
                                    amount_v2: SignablePayloadFieldAmountV2 {
                                        amount: "10000000000",
                                        abbreviation: Some(
                                            "lamports",
                                        ),
                                    },
                                },
                                static_annotation: None,
                                dynamic_annotation: None,
                            },
                            AnnotatedPayloadField {
                                signable_payload_field: TextV2 {
                                    common: SignablePayloadFieldCommon {
                                        fallback_text: "0200000000e40b5402000000",
                                        label: "Raw Data",
                                    },
                                    text_v2: SignablePayloadFieldTextV2 {
                                        text: "0200000000e40b5402000000",
                                    },
                                },
                                static_annotation: None,
                                dynamic_annotation: None,
                            },
                        ],
                    },
                ),
            },
        },
        PreviewLayout {
            common: SignablePayloadFieldCommon {
                fallback_text: "Program ID: ATokenGPvbdGVxr1b2hvZbsiqW5xWH25efTNsLJA8knL\nData: 01",
                label: "Instruction 2",
            },
            preview_layout: SignablePayloadFieldPreviewLayout {
                title: Some(
                    SignablePayloadFieldTextV2 {
                        text: "Create Associated Token Account (Idempotent)",
                    },
                ),
                subtitle: Some(
                    SignablePayloadFieldTextV2 {
                        text: "",
                    },
                ),
                condensed: Some(
                    SignablePayloadFieldListLayout {
                        fields: [
                            AnnotatedPayloadField {
                                signable_payload_field: TextV2 {
                                    common: SignablePayloadFieldCommon {
                                        fallback_text: "Create Associated Token Account (Idempotent)",
                                        label: "Instruction",
                                    },
                                    text_v2: SignablePayloadFieldTextV2 {
                                        text: "Create Associated Token Account (Idempotent)",
                                    },
                                },
                                static_annotation: None,
                                dynamic_annotation: None,
                            },
                        ],
                    },
                ),
                expanded: Some(
                    SignablePayloadFieldListLayout {
                        fields: [
                            AnnotatedPayloadField {
                                signable_payload_field: TextV2 {
                                    common: SignablePayloadFieldCommon {
                                        fallback_text: "ATokenGPvbdGVxr1b2hvZbsiqW5xWH25efTNsLJA8knL",
                                        label: "Program ID",
                                    },
                                    text_v2: SignablePayloadFieldTextV2 {
                                        text: "ATokenGPvbdGVxr1b2hvZbsiqW5xWH25efTNsLJA8knL",
                                    },
                                },
                                static_annotation: None,
                                dynamic_annotation: None,
                            },
                            AnnotatedPayloadField {
                                signable_payload_field: TextV2 {
                                    common: SignablePayloadFieldCommon {
                                        fallback_text: "Create Associated Token Account (Idempotent)",
                                        label: "Instruction",
                                    },
                                    text_v2: SignablePayloadFieldTextV2 {
                                        text: "Create Associated Token Account (Idempotent)",
                                    },
                                },
                                static_annotation: None,
                                dynamic_annotation: None,
                            },
                        ],
                    },
                ),
            },
        },
        PreviewLayout {
            common: SignablePayloadFieldCommon {
                fallback_text: "Program ID: SPoo1Ku8WFXoNDMHPsrGSTSG1Y47rzgn41SLUNakuHy\nData: 0e00e40b5402000000",
                label: "Instruction 3",
            },
            preview_layout: SignablePayloadFieldPreviewLayout {
                title: Some(
                    SignablePayloadFieldTextV2 {
                        text: "Stake Pool Instruction: Deposit SOL",
                    },
                ),
                subtitle: Some(
                    SignablePayloadFieldTextV2 {
                        text: "",
                    },
                ),
                condensed: Some(
                    SignablePayloadFieldListLayout {
                        fields: [
                            AnnotatedPayloadField {
                                signable_payload_field: TextV2 {
                                    common: SignablePayloadFieldCommon {
                                        fallback_text: "Stake Pool Instruction: Deposit SOL",
                                        label: "Instruction",
                                    },
                                    text_v2: SignablePayloadFieldTextV2 {
                                        text: "Stake Pool Instruction: Deposit SOL",
                                    },
                                },
                                static_annotation: None,
                                dynamic_annotation: None,
                            },
                        ],
                    },
                ),
                expanded: Some(
                    SignablePayloadFieldListLayout {
                        fields: [
                            AnnotatedPayloadField {
                                signable_payload_field: TextV2 {
                                    common: SignablePayloadFieldCommon {
                                        fallback_text: "Stake Pool Instruction: Deposit SOL",
                                        label: "Stake Pool Instruction",
                                    },
                                    text_v2: SignablePayloadFieldTextV2 {
                                        text: "Stake Pool Instruction: Deposit SOL",
                                    },
                                },
                                static_annotation: None,
                                dynamic_annotation: None,
                            },
                        ],
                    },
                ),
            },
        },
        PreviewLayout {
            common: SignablePayloadFieldCommon {
                fallback_text: "Program ID: ComputeBudget111111111111111111111111111111\nData: 02801a0600",
                label: "Instruction 4",
            },
            preview_layout: SignablePayloadFieldPreviewLayout {
                title: Some(
                    SignablePayloadFieldTextV2 {
                        text: "Set Compute Unit Limit: 400000 units",
                    },
                ),
                subtitle: Some(
                    SignablePayloadFieldTextV2 {
                        text: "",
                    },
                ),
                condensed: Some(
                    SignablePayloadFieldListLayout {
                        fields: [
                            AnnotatedPayloadField {
                                signable_payload_field: TextV2 {
                                    common: SignablePayloadFieldCommon {
                                        fallback_text: "Set Compute Unit Limit: 400000 units",
                                        label: "Instruction",
                                    },
                                    text_v2: SignablePayloadFieldTextV2 {
                                        text: "Set Compute Unit Limit: 400000 units",
                                    },
                                },
                                static_annotation: None,
                                dynamic_annotation: None,
                            },
                        ],
                    },
                ),
                expanded: Some(
                    SignablePayloadFieldListLayout {
                        fields: [
                            AnnotatedPayloadField {
                                signable_payload_field: TextV2 {
                                    common: SignablePayloadFieldCommon {
                                        fallback_text: "ComputeBudget111111111111111111111111111111",
                                        label: "Program ID",
                                    },
                                    text_v2: SignablePayloadFieldTextV2 {
                                        text: "ComputeBudget111111111111111111111111111111",
                                    },
                                },
                                static_annotation: None,
                                dynamic_annotation: None,
                            },
                            AnnotatedPayloadField {
                                signable_payload_field: Number {
                                    common: SignablePayloadFieldCommon {
                                        fallback_text: "400000 units",
                                        label: "Compute Unit Limit",
                                    },
                                    number: SignablePayloadFieldNumber {
                                        number: "400000",
                                    },
                                },
                                static_annotation: None,
                                dynamic_annotation: None,
                            },
                            AnnotatedPayloadField {
                                signable_payload_field: TextV2 {
                                    common: SignablePayloadFieldCommon {
                                        fallback_text: "02801a0600",
                                        label: "Raw Data",
                                    },
                                    text_v2: SignablePayloadFieldTextV2 {
                                        text: "02801a0600",
                                    },
                                },
                                static_annotation: None,
                                dynamic_annotation: None,
                            },
                        ],
                    },
                ),
            },
        },
        PreviewLayout {
            common: SignablePayloadFieldCommon {
                fallback_text: "Program ID: ComputeBudget111111111111111111111111111111\nData: 0350c3000000000000",
                label: "Instruction 5",
            },
            preview_layout: SignablePayloadFieldPreviewLayout {
                title: Some(
                    SignablePayloadFieldTextV2 {
                        text: "Set Compute Unit Price: 50000 micro-lamports per compute unit",
                    },
                ),
                subtitle: Some(
                    SignablePayloadFieldTextV2 {
                        text: "",
                    },
                ),
                condensed: Some(
                    SignablePayloadFieldListLayout {
                        fields: [
                            AnnotatedPayloadField {
                                signable_payload_field: TextV2 {
                                    common: SignablePayloadFieldCommon {
                                        fallback_text: "Set Compute Unit Price: 50000 micro-lamports per compute unit",
                                        label: "Instruction",
                                    },
                                    text_v2: SignablePayloadFieldTextV2 {
                                        text: "Set Compute Unit Price: 50000 micro-lamports per compute unit",
                                    },
                                },
                                static_annotation: None,
                                dynamic_annotation: None,
                            },
                        ],
                    },
                ),
                expanded: Some(
                    SignablePayloadFieldListLayout {
                        fields: [
                            AnnotatedPayloadField {
                                signable_payload_field: TextV2 {
                                    common: SignablePayloadFieldCommon {
                                        fallback_text: "ComputeBudget111111111111111111111111111111",
                                        label: "Program ID",
                                    },
                                    text_v2: SignablePayloadFieldTextV2 {
                                        text: "ComputeBudget111111111111111111111111111111",
                                    },
                                },
                                static_annotation: None,
                                dynamic_annotation: None,
                            },
                            AnnotatedPayloadField {
                                signable_payload_field: Number {
                                    common: SignablePayloadFieldCommon {
                                        fallback_text: "50000 micro-lamports",
                                        label: "Price per Compute Unit",
                                    },
                                    number: SignablePayloadFieldNumber {
                                        number: "50000",
                                    },
                                },
                                static_annotation: None,
                                dynamic_annotation: None,
                            },
                            AnnotatedPayloadField {
                                signable_payload_field: TextV2 {
                                    common: SignablePayloadFieldCommon {
                                        fallback_text: "0350c3000000000000",
                                        label: "Raw Data",
                                    },
                                    text_v2: SignablePayloadFieldTextV2 {
                                        text: "0350c3000000000000",
                                    },
                                },
                                static_annotation: None,
                                dynamic_annotation: None,
                            },
                        ],
                    },
                ),
            },
        },
        PreviewLayout {
            common: SignablePayloadFieldCommon {
                fallback_text: "Program ID: 11111111111111111111111111111111\nData: 020000001027000000000000",
                label: "Instruction 6",
            },
            preview_layout: SignablePayloadFieldPreviewLayout {
                title: Some(
                    SignablePayloadFieldTextV2 {
                        text: "Transfer: 10000 lamports",
                    },
                ),
                subtitle: Some(
                    SignablePayloadFieldTextV2 {
                        text: "",
                    },
                ),
                condensed: Some(
                    SignablePayloadFieldListLayout {
                        fields: [
                            AnnotatedPayloadField {
                                signable_payload_field: TextV2 {
                                    common: SignablePayloadFieldCommon {
                                        fallback_text: "Transfer: 10000 lamports",
                                        label: "Instruction",
                                    },
                                    text_v2: SignablePayloadFieldTextV2 {
                                        text: "Transfer: 10000 lamports",
                                    },
                                },
                                static_annotation: None,
                                dynamic_annotation: None,
                            },
                        ],
                    },
                ),
                expanded: Some(
                    SignablePayloadFieldListLayout {
                        fields: [
                            AnnotatedPayloadField {
                                signable_payload_field: TextV2 {
                                    common: SignablePayloadFieldCommon {
                                        fallback_text: "11111111111111111111111111111111",
                                        label: "Program ID",
                                    },
                                    text_v2: SignablePayloadFieldTextV2 {
                                        text: "11111111111111111111111111111111",
                                    },
                                },
                                static_annotation: None,
                                dynamic_annotation: None,
                            },
                            AnnotatedPayloadField {
                                signable_payload_field: AmountV2 {
                                    common: SignablePayloadFieldCommon {
                                        fallback_text: "0.00001 SOL",
                                        label: "Transfer Amount",
                                    },
                                    amount_v2: SignablePayloadFieldAmountV2 {
                                        amount: "10000",
                                        abbreviation: Some(
                                            "lamports",
                                        ),
                                    },
                                },
                                static_annotation: None,
                                dynamic_annotation: None,
                            },
                            AnnotatedPayloadField {
                                signable_payload_field: TextV2 {
                                    common: SignablePayloadFieldCommon {
                                        fallback_text: "020000001027000000000000",
                                        label: "Raw Data",
                                    },
                                    text_v2: SignablePayloadFieldTextV2 {
                                        text: "020000001027000000000000",
                                    },
                                },
                                static_annotation: None,
                                dynamic_annotation: None,
                            },
                        ],
                    },
                ),
            },
        },
        PreviewLayout {
            common: SignablePayloadFieldCommon {
                fallback_text: "B46xaUeRM112q7EVbsBJPfWMLs2X64vtZpJVE1ofKZMY[SW], 7aHWbSHLuxkq9iN62P6zxU5VQWSH87x2hmhqQKm2Qara[SW], 79gRaJsiJrinQkTdKG3LooENqdg6JjUNdi3sqBe9fmAK[W], ADaUMid9yfUytqMBgopwjb2DTLSokTSzL1zt6iGPaS49[W], BgKUXdS29YcHCFrPm5M8oLHiTzZaMDjsebggjoaQ6KFL[W], feeeFLLsam6xZJFc6UQFrHqkvVt4jfmVvi2BRLkUZ4i[W], J1toso1uCk3RLmjorhTtrVwY9HJ7X8V9yYac6Y7kGCPn[W], Jito4APyf642JPZPx3hGc6WWJ8zPKtRbRs4P815Awbb[W], 11111111111111111111111111111111[R], 6iQKfEyhr3bZMotVkW6beNZz5CPAkiwvgV2CTje9pVSS[R], ATokenGPvbdGVxr1b2hvZbsiqW5xWH25efTNsLJA8knL[R], ComputeBudget111111111111111111111111111111[R], SPoo1Ku8WFXoNDMHPsrGSTSG1Y47rzgn41SLUNakuHy[R], TokenkegQfeZyiNwAJbNbGKPFXCWuBvf9Ss623VQ5DA[R]",
                label: "Accounts",
            },
            preview_layout: SignablePayloadFieldPreviewLayout {
                title: Some(
                    SignablePayloadFieldTextV2 {
                        text: "Accounts",
                    },
                ),
                subtitle: Some(
                    SignablePayloadFieldTextV2 {
                        text: "14 accounts",
                    },
                ),
                condensed: Some(
                    SignablePayloadFieldListLayout {
                        fields: [
                            AnnotatedPayloadField {
                                signable_payload_field: TextV2 {
                                    common: SignablePayloadFieldCommon {
                                        fallback_text: "2 Signers",
                                        label: "Signers",
                                    },
                                    text_v2: SignablePayloadFieldTextV2 {
                                        text: "2 Signers",
                                    },
                                },
                                static_annotation: None,
                                dynamic_annotation: None,
                            },
                            AnnotatedPayloadField {
                                signable_payload_field: TextV2 {
                                    common: SignablePayloadFieldCommon {
                                        fallback_text: "6 Writable",
                                        label: "Writable",
                                    },
                                    text_v2: SignablePayloadFieldTextV2 {
                                        text: "6 Writable",
                                    },
                                },
                                static_annotation: None,
                                dynamic_annotation: None,
                            },
                            AnnotatedPayloadField {
                                signable_payload_field: TextV2 {
                                    common: SignablePayloadFieldCommon {
                                        fallback_text: "6 Read Only",
                                        label: "Read Only",
                                    },
                                    text_v2: SignablePayloadFieldTextV2 {
                                        text: "6 Read Only",
                                    },
                                },
                                static_annotation: None,
                                dynamic_annotation: None,
                            },
                        ],
                    },
                ),
                expanded: Some(
                    SignablePayloadFieldListLayout {
                        fields: [
                            AnnotatedPayloadField {
                                signable_payload_field: TextV2 {
                                    common: SignablePayloadFieldCommon {
                                        fallback_text: "B46xaUeRM112q7EVbsBJPfWMLs2X64vtZpJVE1ofKZMY, Signer, Writable",
                                        label: "Account",
                                    },
                                    text_v2: SignablePayloadFieldTextV2 {
                                        text: "B46xaUeRM112q7EVbsBJPfWMLs2X64vtZpJVE1ofKZMY, Signer, Writable",
                                    },
                                },
                                static_annotation: None,
                                dynamic_annotation: None,
                            },
                            AnnotatedPayloadField {
                                signable_payload_field: TextV2 {
                                    common: SignablePayloadFieldCommon {
                                        fallback_text: "7aHWbSHLuxkq9iN62P6zxU5VQWSH87x2hmhqQKm2Qara, Signer, Writable",
                                        label: "Account",
                                    },
                                    text_v2: SignablePayloadFieldTextV2 {
                                        text: "7aHWbSHLuxkq9iN62P6zxU5VQWSH87x2hmhqQKm2Qara, Signer, Writable",
                                    },
                                },
                                static_annotation: None,
                                dynamic_annotation: None,
                            },
                            AnnotatedPayloadField {
                                signable_payload_field: TextV2 {
                                    common: SignablePayloadFieldCommon {
                                        fallback_text: "79gRaJsiJrinQkTdKG3LooENqdg6JjUNdi3sqBe9fmAK, Writable",
                                        label: "Account",
                                    },
                                    text_v2: SignablePayloadFieldTextV2 {
                                        text: "79gRaJsiJrinQkTdKG3LooENqdg6JjUNdi3sqBe9fmAK, Writable",
                                    },
                                },
                                static_annotation: None,
                                dynamic_annotation: None,
                            },
                            AnnotatedPayloadField {
                                signable_payload_field: TextV2 {
                                    common: SignablePayloadFieldCommon {
                                        fallback_text: "ADaUMid9yfUytqMBgopwjb2DTLSokTSzL1zt6iGPaS49, Writable",
                                        label: "Account",
                                    },
                                    text_v2: SignablePayloadFieldTextV2 {
                                        text: "ADaUMid9yfUytqMBgopwjb2DTLSokTSzL1zt6iGPaS49, Writable",
                                    },
                                },
                                static_annotation: None,
                                dynamic_annotation: None,
                            },
                            AnnotatedPayloadField {
                                signable_payload_field: TextV2 {
                                    common: SignablePayloadFieldCommon {
                                        fallback_text: "BgKUXdS29YcHCFrPm5M8oLHiTzZaMDjsebggjoaQ6KFL, Writable",
                                        label: "Account",
                                    },
                                    text_v2: SignablePayloadFieldTextV2 {
                                        text: "BgKUXdS29YcHCFrPm5M8oLHiTzZaMDjsebggjoaQ6KFL, Writable",
                                    },
                                },
                                static_annotation: None,
                                dynamic_annotation: None,
                            },
                            AnnotatedPayloadField {
                                signable_payload_field: TextV2 {
                                    common: SignablePayloadFieldCommon {
                                        fallback_text: "feeeFLLsam6xZJFc6UQFrHqkvVt4jfmVvi2BRLkUZ4i, Writable",
                                        label: "Account",
                                    },
                                    text_v2: SignablePayloadFieldTextV2 {
                                        text: "feeeFLLsam6xZJFc6UQFrHqkvVt4jfmVvi2BRLkUZ4i, Writable",
                                    },
                                },
                                static_annotation: None,
                                dynamic_annotation: None,
                            },
                            AnnotatedPayloadField {
                                signable_payload_field: TextV2 {
                                    common: SignablePayloadFieldCommon {
                                        fallback_text: "J1toso1uCk3RLmjorhTtrVwY9HJ7X8V9yYac6Y7kGCPn, Writable",
                                        label: "Account",
                                    },
                                    text_v2: SignablePayloadFieldTextV2 {
                                        text: "J1toso1uCk3RLmjorhTtrVwY9HJ7X8V9yYac6Y7kGCPn, Writable",
                                    },
                                },
                                static_annotation: None,
                                dynamic_annotation: None,
                            },
                            AnnotatedPayloadField {
                                signable_payload_field: TextV2 {
                                    common: SignablePayloadFieldCommon {
                                        fallback_text: "Jito4APyf642JPZPx3hGc6WWJ8zPKtRbRs4P815Awbb, Writable",
                                        label: "Account",
                                    },
                                    text_v2: SignablePayloadFieldTextV2 {
                                        text: "Jito4APyf642JPZPx3hGc6WWJ8zPKtRbRs4P815Awbb, Writable",
                                    },
                                },
                                static_annotation: None,
                                dynamic_annotation: None,
                            },
                            AnnotatedPayloadField {
                                signable_payload_field: TextV2 {
                                    common: SignablePayloadFieldCommon {
                                        fallback_text: "11111111111111111111111111111111",
                                        label: "Account",
                                    },
                                    text_v2: SignablePayloadFieldTextV2 {
                                        text: "11111111111111111111111111111111",
                                    },
                                },
                                static_annotation: None,
                                dynamic_annotation: None,
                            },
                            AnnotatedPayloadField {
                                signable_payload_field: TextV2 {
                                    common: SignablePayloadFieldCommon {
                                        fallback_text: "6iQKfEyhr3bZMotVkW6beNZz5CPAkiwvgV2CTje9pVSS",
                                        label: "Account",
                                    },
                                    text_v2: SignablePayloadFieldTextV2 {
                                        text: "6iQKfEyhr3bZMotVkW6beNZz5CPAkiwvgV2CTje9pVSS",
                                    },
                                },
                                static_annotation: None,
                                dynamic_annotation: None,
                            },
                            AnnotatedPayloadField {
                                signable_payload_field: TextV2 {
                                    common: SignablePayloadFieldCommon {
                                        fallback_text: "ATokenGPvbdGVxr1b2hvZbsiqW5xWH25efTNsLJA8knL",
                                        label: "Account",
                                    },
                                    text_v2: SignablePayloadFieldTextV2 {
                                        text: "ATokenGPvbdGVxr1b2hvZbsiqW5xWH25efTNsLJA8knL",
                                    },
                                },
                                static_annotation: None,
                                dynamic_annotation: None,
                            },
                            AnnotatedPayloadField {
                                signable_payload_field: TextV2 {
                                    common: SignablePayloadFieldCommon {
                                        fallback_text: "ComputeBudget111111111111111111111111111111",
                                        label: "Account",
                                    },
                                    text_v2: SignablePayloadFieldTextV2 {
                                        text: "ComputeBudget111111111111111111111111111111",
                                    },
                                },
                                static_annotation: None,
                                dynamic_annotation: None,
                            },
                            AnnotatedPayloadField {
                                signable_payload_field: TextV2 {
                                    common: SignablePayloadFieldCommon {
                                        fallback_text: "SPoo1Ku8WFXoNDMHPsrGSTSG1Y47rzgn41SLUNakuHy",
                                        label: "Account",
                                    },
                                    text_v2: SignablePayloadFieldTextV2 {
                                        text: "SPoo1Ku8WFXoNDMHPsrGSTSG1Y47rzgn41SLUNakuHy",
                                    },
                                },
                                static_annotation: None,
                                dynamic_annotation: None,
                            },
                            AnnotatedPayloadField {
                                signable_payload_field: TextV2 {
                                    common: SignablePayloadFieldCommon {
                                        fallback_text: "TokenkegQfeZyiNwAJbNbGKPFXCWuBvf9Ss623VQ5DA",
                                        label: "Account",
                                    },
                                    text_v2: SignablePayloadFieldTextV2 {
                                        text: "TokenkegQfeZyiNwAJbNbGKPFXCWuBvf9Ss623VQ5DA",
                                    },
                                },
                                static_annotation: None,
                                dynamic_annotation: None,
                            },
                        ],
                    },
                ),
            },
        },
    ],
    payload_type: "SolanaTx",
    subtitle: None,
    title: "Solana Transaction",
    version: "0",
}
